// Jest Snapshot v1, https://goo.gl/fbAQLP

exports[`Card should match the snapshot if showAnswer is false 1`] = `ShallowWrapper {}`;

exports[`Card should match the snapshot if showAnswer is true 1`] = `ShallowWrapper {}`;
